{ Syntax.v =
  (Syntax.ArraySlice
     ({ Syntax.v = (Syntax.Var "x");
        loc =
        { Syntax.fname = "test/cases/parse/array_slice6.in";
          ran =
          (Some { Syntax.startpos = { Syntax.line = 1; column = 0 };
                  endpos = { Syntax.line = 1; column = 1 } })
          }
        },
      (Some { Syntax.v = (Syntax.Number 0.);
              loc =
              { Syntax.fname = "test/cases/parse/array_slice6.in";
                ran =
                (Some { Syntax.startpos = { Syntax.line = 1; column = 2 };
                        endpos = { Syntax.line = 1; column = 3 } })
                }
              }),
      (Some { Syntax.v = (Syntax.Number 0.);
              loc =
              { Syntax.fname = "test/cases/parse/array_slice6.in";
                ran =
                (Some { Syntax.startpos = { Syntax.line = 1; column = 4 };
                        endpos = { Syntax.line = 1; column = 5 } })
                }
              }),
      None));
  loc =
  { Syntax.fname = "test/cases/parse/array_slice6.in";
    ran =
    (Some { Syntax.startpos = { Syntax.line = 1; column = 0 };
            endpos = { Syntax.line = 1; column = 7 } })
    }
  }