{ Syntax.v =
  (Syntax.ArraySlice
     ({ Syntax.v = (Syntax.Var "x");
        loc =
        { Syntax.fname = "test/cases/parse/array_slice3.in";
          ran =
          (Some { Syntax.startpos = { Syntax.line = 1; column = 0 };
                  endpos = { Syntax.line = 1; column = 1 } })
          }
        },
      None,
      (Some { Syntax.v = (Syntax.Number 0.);
              loc =
              { Syntax.fname = "test/cases/parse/array_slice3.in";
                ran =
                (Some { Syntax.startpos = { Syntax.line = 1; column = 3 };
                        endpos = { Syntax.line = 1; column = 4 } })
                }
              }),
      None));
  loc =
  { Syntax.fname = "test/cases/parse/array_slice3.in";
    ran =
    (Some { Syntax.startpos = { Syntax.line = 1; column = 0 };
            endpos = { Syntax.line = 1; column = 6 } })
    }
  }