{ Syntax.v =
  (Syntax.ArrayIndex
     ({ Syntax.v = (Syntax.Var "a");
        loc =
        (Some { Syntax.startpos =
                { Syntax.fname = "test/cases/parse/array_index_simple.in";
                  line = 1; column = 0 };
                endpos =
                { Syntax.fname = "test/cases/parse/array_index_simple.in";
                  line = 1; column = 1 }
                })
        },
      { Syntax.v = (Syntax.Number 0.);
        loc =
        (Some { Syntax.startpos =
                { Syntax.fname = "test/cases/parse/array_index_simple.in";
                  line = 1; column = 2 };
                endpos =
                { Syntax.fname = "test/cases/parse/array_index_simple.in";
                  line = 1; column = 3 }
                })
        }));
  loc =
  (Some { Syntax.startpos =
          { Syntax.fname = "test/cases/parse/array_index_simple.in";
            line = 1; column = 0 };
          endpos =
          { Syntax.fname = "test/cases/parse/array_index_simple.in";
            line = 1; column = 4 }
          })
  }