{ Syntax.v =
  (Syntax.ArraySlice
     ({ Syntax.v = (Syntax.Var "x");
        loc =
        (Some { Syntax.startpos =
                { Syntax.fname = "test/cases/parse/array_slice5.in";
                  line = 1; column = 0 };
                endpos =
                { Syntax.fname = "test/cases/parse/array_slice5.in";
                  line = 1; column = 1 }
                })
        },
      (Some { Syntax.v = (Syntax.Number 0.);
              loc =
              (Some { Syntax.startpos =
                      { Syntax.fname = "test/cases/parse/array_slice5.in";
                        line = 1; column = 2 };
                      endpos =
                      { Syntax.fname = "test/cases/parse/array_slice5.in";
                        line = 1; column = 3 }
                      })
              }),
      None,
      (Some { Syntax.v = (Syntax.Number 0.);
              loc =
              (Some { Syntax.startpos =
                      { Syntax.fname = "test/cases/parse/array_slice5.in";
                        line = 1; column = 5 };
                      endpos =
                      { Syntax.fname = "test/cases/parse/array_slice5.in";
                        line = 1; column = 6 }
                      })
              })));
  loc =
  (Some { Syntax.startpos =
          { Syntax.fname = "test/cases/parse/array_slice5.in"; line = 1;
            column = 0 };
          endpos =
          { Syntax.fname = "test/cases/parse/array_slice5.in"; line = 1;
            column = 7 }
          })
  }