{ Syntax.v =
  (Syntax.Binary
     ({ Syntax.v =
        (Syntax.Binary
           ({ Syntax.v = (Syntax.Number 1.);
              loc =
              (Some { Syntax.startpos =
                      { Syntax.fname = "test/cases/parse/binary_simple2.in";
                        line = 1; column = 1 };
                      endpos =
                      { Syntax.fname = "test/cases/parse/binary_simple2.in";
                        line = 1; column = 2 }
                      })
              },
            `Add,
            { Syntax.v = (Syntax.Number 1.);
              loc =
              (Some { Syntax.startpos =
                      { Syntax.fname = "test/cases/parse/binary_simple2.in";
                        line = 1; column = 3 };
                      endpos =
                      { Syntax.fname = "test/cases/parse/binary_simple2.in";
                        line = 1; column = 4 }
                      })
              }));
        loc =
        (Some { Syntax.startpos =
                { Syntax.fname = "test/cases/parse/binary_simple2.in";
                  line = 1; column = 1 };
                endpos =
                { Syntax.fname = "test/cases/parse/binary_simple2.in";
                  line = 1; column = 4 }
                })
        },
      `Mult,
      { Syntax.v = (Syntax.Number 1.);
        loc =
        (Some { Syntax.startpos =
                { Syntax.fname = "test/cases/parse/binary_simple2.in";
                  line = 1; column = 6 };
                endpos =
                { Syntax.fname = "test/cases/parse/binary_simple2.in";
                  line = 1; column = 7 }
                })
        }));
  loc =
  (Some { Syntax.startpos =
          { Syntax.fname = "test/cases/parse/binary_simple2.in"; line = 1;
            column = 0 };
          endpos =
          { Syntax.fname = "test/cases/parse/binary_simple2.in"; line = 1;
            column = 7 }
          })
  }