{ Syntax.v =
  (Syntax.Call
     ({ Syntax.v = (Syntax.Var "x");
        loc =
        (Some { Syntax.startpos =
                { Syntax.fname = "test/cases/parse/call_one_arg2.in";
                  line = 1; column = 0 };
                endpos =
                { Syntax.fname = "test/cases/parse/call_one_arg2.in";
                  line = 1; column = 1 }
                })
        },
      ([{ Syntax.v = (Syntax.Var "a");
          loc =
          (Some { Syntax.startpos =
                  { Syntax.fname = "test/cases/parse/call_one_arg2.in";
                    line = 1; column = 2 };
                  endpos =
                  { Syntax.fname = "test/cases/parse/call_one_arg2.in";
                    line = 1; column = 3 }
                  })
          }
         ],
       []),
      false));
  loc =
  (Some { Syntax.startpos =
          { Syntax.fname = "test/cases/parse/call_one_arg2.in"; line = 1;
            column = 0 };
          endpos =
          { Syntax.fname = "test/cases/parse/call_one_arg2.in"; line = 1;
            column = 5 }
          })
  }