{ Syntax.v =
  (Syntax.Call
     ({ Syntax.v = (Syntax.Var "x");
        loc =
        { Syntax.fname = "test/cases/parse/call_one_arg1.in";
          ran =
          (Some { Syntax.startpos = { Syntax.line = 1; column = 0 };
                  endpos = { Syntax.line = 1; column = 1 } })
          }
        },
      ([{ Syntax.v = (Syntax.Var "a");
          loc =
          { Syntax.fname = "test/cases/parse/call_one_arg1.in";
            ran =
            (Some { Syntax.startpos = { Syntax.line = 1; column = 2 };
                    endpos = { Syntax.line = 1; column = 3 } })
            }
          }
         ],
       []),
      false));
  loc =
  { Syntax.fname = "test/cases/parse/call_one_arg1.in";
    ran =
    (Some { Syntax.startpos = { Syntax.line = 1; column = 0 };
            endpos = { Syntax.line = 1; column = 4 } })
    }
  }