{ Syntax.v = Syntax.Dollar;
  loc =
  { Syntax.fname = "test/cases/parse/dollar.in";
    ran =
    (Some { Syntax.startpos = { Syntax.line = 1; column = 0 };
            endpos = { Syntax.line = 1; column = 1 } })
    }
  }