{ Syntax.v = Syntax.False;
  loc =
  (Some { Syntax.startpos =
          { Syntax.fname = "test/cases/parse/false.in"; line = 1; column = 0
            };
          endpos =
          { Syntax.fname = "test/cases/parse/false.in"; line = 1; column = 5
            }
          })
  }