{ Syntax.v = (Syntax.Import "foo");
  loc =
  { Syntax.fname = "test/cases/parse/import_unmarked.in";
    ran =
    (Some { Syntax.startpos = { Syntax.line = 1; column = 0 };
            endpos = { Syntax.line = 1; column = 12 } })
    }
  }