{ Syntax.v = Syntax.Null;
  loc =
  { Syntax.fname = "test/cases/parse/null.in";
    ran =
    (Some { Syntax.startpos = { Syntax.line = 1; column = 0 };
            endpos = { Syntax.line = 1; column = 4 } })
    }
  }