{ Syntax.v = (Syntax.Number 1.);
  loc =
  { Syntax.fname = "test/cases/parse/number.in";
    ran =
    (Some { Syntax.startpos = { Syntax.line = 1; column = 0 };
            endpos = { Syntax.line = 1; column = 3 } })
    }
  }