{ Syntax.v =
  (Syntax.Object
     (Syntax.ObjectMemberList
        [(Syntax.MemberObjlocal
            (Syntax.Bind
               ("a",
                { Syntax.v = (Syntax.String "b");
                  loc =
                  (Some { Syntax.startpos =
                          { Syntax.fname =
                            "test/cases/parse/object_complex1.in"; line = 2;
                            column = 12 };
                          endpos =
                          { Syntax.fname =
                            "test/cases/parse/object_complex1.in"; line = 2;
                            column = 15 }
                          })
                  })));
          (Syntax.MemberField
             (Syntax.Field
                ((Syntax.FieldnameExpr
                    { Syntax.v = (Syntax.String "foo");
                      loc =
                      (Some { Syntax.startpos =
                              { Syntax.fname =
                                "test/cases/parse/object_complex1.in";
                                line = 3; column = 3 };
                              endpos =
                              { Syntax.fname =
                                "test/cases/parse/object_complex1.in";
                                line = 3; column = 8 }
                              })
                      }),
                 false, (Syntax.H 1),
                 { Syntax.v = (Syntax.String "bar");
                   loc =
                   (Some { Syntax.startpos =
                           { Syntax.fname =
                             "test/cases/parse/object_complex1.in"; line = 3;
                             column = 11 };
                           endpos =
                           { Syntax.fname =
                             "test/cases/parse/object_complex1.in"; line = 3;
                             column = 16 }
                           })
                   })))
          ]));
  loc =
  (Some { Syntax.startpos =
          { Syntax.fname = "test/cases/parse/object_complex1.in"; line = 1;
            column = 0 };
          endpos =
          { Syntax.fname = "test/cases/parse/object_complex1.in"; line = 4;
            column = 1 }
          })
  }