{ Syntax.v = (Syntax.Object (Syntax.ObjectMemberList []));
  loc =
  { Syntax.fname = "test/cases/parse/object_empty.in";
    ran =
    (Some { Syntax.startpos = { Syntax.line = 1; column = 0 };
            endpos = { Syntax.line = 1; column = 2 } })
    }
  }