{ Syntax.v =
  (Syntax.SuperIndex
     { Syntax.v = (Syntax.String "x");
       loc =
       { Syntax.fname = "test/cases/parse/select_super2.in";
         ran =
         (Some { Syntax.startpos = { Syntax.line = 1; column = 6 };
                 endpos = { Syntax.line = 1; column = 9 } })
         }
       });
  loc =
  { Syntax.fname = "test/cases/parse/select_super2.in";
    ran =
    (Some { Syntax.startpos = { Syntax.line = 1; column = 0 };
            endpos = { Syntax.line = 1; column = 10 } })
    }
  }