{ Syntax.v = Syntax.Self;
  loc =
  (Some { Syntax.startpos =
          { Syntax.fname = "test/cases/parse/self.in"; line = 1; column = 0 };
          endpos =
          { Syntax.fname = "test/cases/parse/self.in"; line = 1; column = 4 }
          })
  }