{ Syntax.v =
  (Syntax.Unary
     (Syntax.Neg,
      { Syntax.v = (Syntax.Number 1.);
        loc =
        { Syntax.fname = "test/cases/parse/unary_minus.in";
          ran =
          (Some { Syntax.startpos = { Syntax.line = 1; column = 1 };
                  endpos = { Syntax.line = 1; column = 2 } })
          }
        }));
  loc =
  { Syntax.fname = "test/cases/parse/unary_minus.in";
    ran =
    (Some { Syntax.startpos = { Syntax.line = 1; column = 0 };
            endpos = { Syntax.line = 1; column = 2 } })
    }
  }